=== Run started at 2026-02-21 09:05:13 ===
Traceback (most recent call last):
  File "/var/www/html/FR/vps.py", line 6, in <module>
    from virtvs import virtapi
  File "/var/www/html/FR/virtvs.py", line 6, in <module>
    import phpserialize
ModuleNotFoundError: No module named 'phpserialize'
=== Run started at 2026-02-21 09:05:53 ===
Traceback (most recent call last):
  File "/var/www/html/FR/vps.py", line 6, in <module>
    from virtvs import virtapi
  File "/var/www/html/FR/virtvs.py", line 6, in <module>
    import phpserialize
ModuleNotFoundError: No module named 'phpserialize'
=== Run started at 2026-02-21 09:30:01 ===
Traceback (most recent call last):
  File "/var/www/html/FR/vps.py", line 6, in <module>
    from virtvs import virtapi
  File "/var/www/html/FR/virtvs.py", line 6, in <module>
    import phpserialize
ModuleNotFoundError: No module named 'phpserialize'
=== Run started at 2026-02-21 10:00:01 ===
Traceback (most recent call last):
  File "/var/www/html/FR/vps.py", line 6, in <module>
    from virtvs import virtapi
  File "/var/www/html/FR/virtvs.py", line 6, in <module>
    import phpserialize
ModuleNotFoundError: No module named 'phpserialize'
=== Run started at 2026-02-21 10:30:01 ===
Traceback (most recent call last):
  File "/var/www/html/FR/vps.py", line 6, in <module>
    from virtvs import virtapi
  File "/var/www/html/FR/virtvs.py", line 6, in <module>
    import phpserialize
ModuleNotFoundError: No module named 'phpserialize'
=== Run started at 2026-02-21 11:00:01 ===
Traceback (most recent call last):
  File "/var/www/html/FR/vps.py", line 6, in <module>
    from virtvs import virtapi
  File "/var/www/html/FR/virtvs.py", line 6, in <module>
    import phpserialize
ModuleNotFoundError: No module named 'phpserialize'
=== Run started at 2026-02-21 11:30:01 ===
Traceback (most recent call last):
  File "/var/www/html/FR/vps.py", line 6, in <module>
    from virtvs import virtapi
  File "/var/www/html/FR/virtvs.py", line 6, in <module>
    import phpserialize
ModuleNotFoundError: No module named 'phpserialize'
=== Run started at 2026-02-21 12:00:01 ===
Traceback (most recent call last):
  File "/var/www/html/FR/vps.py", line 6, in <module>
    from virtvs import virtapi
  File "/var/www/html/FR/virtvs.py", line 6, in <module>
    import phpserialize
ModuleNotFoundError: No module named 'phpserialize'
=== Run started at 2026-02-21 12:30:01 ===
Traceback (most recent call last):
  File "/var/www/html/FR/vps.py", line 6, in <module>
    from virtvs import virtapi
  File "/var/www/html/FR/virtvs.py", line 6, in <module>
    import phpserialize
ModuleNotFoundError: No module named 'phpserialize'
=== Run started at 2026-02-21 13:00:01 ===
Traceback (most recent call last):
  File "/var/www/html/FR/vps.py", line 6, in <module>
    from virtvs import virtapi
  File "/var/www/html/FR/virtvs.py", line 6, in <module>
    import phpserialize
ModuleNotFoundError: No module named 'phpserialize'
=== Run started at 2026-02-21 13:30:01 ===
Traceback (most recent call last):
  File "/var/www/html/FR/vps.py", line 6, in <module>
    from virtvs import virtapi
  File "/var/www/html/FR/virtvs.py", line 6, in <module>
    import phpserialize
ModuleNotFoundError: No module named 'phpserialize'
=== Run started at 2026-02-21 14:00:01 ===
Traceback (most recent call last):
  File "/var/www/html/FR/vps.py", line 6, in <module>
    from virtvs import virtapi
  File "/var/www/html/FR/virtvs.py", line 6, in <module>
    import phpserialize
ModuleNotFoundError: No module named 'phpserialize'
=== Run started at 2026-02-21 14:30:01 ===
Traceback (most recent call last):
  File "/var/www/html/FR/vps.py", line 6, in <module>
    from virtvs import virtapi
  File "/var/www/html/FR/virtvs.py", line 6, in <module>
    import phpserialize
ModuleNotFoundError: No module named 'phpserialize'
=== Run started at 2026-02-21 15:00:01 ===
Traceback (most recent call last):
  File "/var/www/html/FR/vps.py", line 6, in <module>
    from virtvs import virtapi
  File "/var/www/html/FR/virtvs.py", line 6, in <module>
    import phpserialize
ModuleNotFoundError: No module named 'phpserialize'
=== Run started at 2026-02-21 15:30:01 ===
Traceback (most recent call last):
  File "/var/www/html/FR/vps.py", line 6, in <module>
    from virtvs import virtapi
  File "/var/www/html/FR/virtvs.py", line 6, in <module>
    import phpserialize
ModuleNotFoundError: No module named 'phpserialize'
=== Run started at 2026-02-21 16:00:01 ===
Traceback (most recent call last):
  File "/var/www/html/FR/vps.py", line 6, in <module>
    from virtvs import virtapi
  File "/var/www/html/FR/virtvs.py", line 6, in <module>
    import phpserialize
ModuleNotFoundError: No module named 'phpserialize'
=== Run started at 2026-02-21 16:30:01 ===
Traceback (most recent call last):
  File "/var/www/html/FR/vps.py", line 6, in <module>
    from virtvs import virtapi
  File "/var/www/html/FR/virtvs.py", line 6, in <module>
    import phpserialize
ModuleNotFoundError: No module named 'phpserialize'
=== Run started at 2026-02-21 17:00:01 ===
Traceback (most recent call last):
  File "/var/www/html/FR/vps.py", line 6, in <module>
    from virtvs import virtapi
  File "/var/www/html/FR/virtvs.py", line 6, in <module>
    import phpserialize
ModuleNotFoundError: No module named 'phpserialize'
=== Run started at 2026-02-21 17:30:01 ===
Traceback (most recent call last):
  File "/var/www/html/FR/vps.py", line 6, in <module>
    from virtvs import virtapi
  File "/var/www/html/FR/virtvs.py", line 6, in <module>
    import phpserialize
ModuleNotFoundError: No module named 'phpserialize'
=== Run started at 2026-02-21 18:00:01 ===
Traceback (most recent call last):
  File "/var/www/html/FR/vps.py", line 6, in <module>
    from virtvs import virtapi
  File "/var/www/html/FR/virtvs.py", line 6, in <module>
    import phpserialize
ModuleNotFoundError: No module named 'phpserialize'
=== Run started at 2026-02-21 18:30:01 ===
Traceback (most recent call last):
  File "/var/www/html/FR/vps.py", line 6, in <module>
    from virtvs import virtapi
  File "/var/www/html/FR/virtvs.py", line 6, in <module>
    import phpserialize
ModuleNotFoundError: No module named 'phpserialize'
=== Run started at 2026-02-21 19:00:01 ===
Traceback (most recent call last):
  File "/var/www/html/FR/vps.py", line 6, in <module>
    from virtvs import virtapi
  File "/var/www/html/FR/virtvs.py", line 6, in <module>
    import phpserialize
ModuleNotFoundError: No module named 'phpserialize'
=== Run started at 2026-02-21 19:30:01 ===
Traceback (most recent call last):
  File "/var/www/html/FR/vps.py", line 6, in <module>
    from virtvs import virtapi
  File "/var/www/html/FR/virtvs.py", line 6, in <module>
    import phpserialize
ModuleNotFoundError: No module named 'phpserialize'
=== Run started at 2026-02-21 20:00:01 ===
Traceback (most recent call last):
  File "/var/www/html/FR/vps.py", line 6, in <module>
    from virtvs import virtapi
  File "/var/www/html/FR/virtvs.py", line 6, in <module>
    import phpserialize
ModuleNotFoundError: No module named 'phpserialize'
=== Run started at 2026-02-21 20:30:01 ===
Traceback (most recent call last):
  File "/var/www/html/FR/vps.py", line 6, in <module>
    from virtvs import virtapi
  File "/var/www/html/FR/virtvs.py", line 6, in <module>
    import phpserialize
ModuleNotFoundError: No module named 'phpserialize'
=== Run started at 2026-02-21 21:00:01 ===
Traceback (most recent call last):
  File "/var/www/html/FR/vps.py", line 6, in <module>
    from virtvs import virtapi
  File "/var/www/html/FR/virtvs.py", line 6, in <module>
    import phpserialize
ModuleNotFoundError: No module named 'phpserialize'
=== Run started at 2026-02-21 21:30:01 ===
Traceback (most recent call last):
  File "/var/www/html/FR/vps.py", line 6, in <module>
    from virtvs import virtapi
  File "/var/www/html/FR/virtvs.py", line 6, in <module>
    import phpserialize
ModuleNotFoundError: No module named 'phpserialize'
=== Run started at 2026-02-21 22:00:01 ===
Traceback (most recent call last):
  File "/var/www/html/FR/vps.py", line 6, in <module>
    from virtvs import virtapi
  File "/var/www/html/FR/virtvs.py", line 6, in <module>
    import phpserialize
ModuleNotFoundError: No module named 'phpserialize'
=== Run started at 2026-02-21 22:30:01 ===
Traceback (most recent call last):
  File "/var/www/html/FR/vps.py", line 6, in <module>
    from virtvs import virtapi
  File "/var/www/html/FR/virtvs.py", line 6, in <module>
    import phpserialize
ModuleNotFoundError: No module named 'phpserialize'
=== Run started at 2026-02-21 23:00:01 ===
Traceback (most recent call last):
  File "/var/www/html/FR/vps.py", line 6, in <module>
    from virtvs import virtapi
  File "/var/www/html/FR/virtvs.py", line 6, in <module>
    import phpserialize
ModuleNotFoundError: No module named 'phpserialize'
=== Run started at 2026-02-21 23:30:01 ===
Traceback (most recent call last):
  File "/var/www/html/FR/vps.py", line 6, in <module>
    from virtvs import virtapi
  File "/var/www/html/FR/virtvs.py", line 6, in <module>
    import phpserialize
ModuleNotFoundError: No module named 'phpserialize'
=== Run started at 2026-02-22 00:00:01 ===
Traceback (most recent call last):
  File "/var/www/html/FR/vps.py", line 6, in <module>
    from virtvs import virtapi
  File "/var/www/html/FR/virtvs.py", line 6, in <module>
    import phpserialize
ModuleNotFoundError: No module named 'phpserialize'
=== Run started at 2026-02-22 00:30:01 ===
Traceback (most recent call last):
  File "/var/www/html/FR/vps.py", line 6, in <module>
    from virtvs import virtapi
  File "/var/www/html/FR/virtvs.py", line 6, in <module>
    import phpserialize
ModuleNotFoundError: No module named 'phpserialize'
=== Run started at 2026-02-22 01:00:01 ===
Traceback (most recent call last):
  File "/var/www/html/FR/vps.py", line 6, in <module>
    from virtvs import virtapi
  File "/var/www/html/FR/virtvs.py", line 6, in <module>
    import phpserialize
ModuleNotFoundError: No module named 'phpserialize'
=== Run started at 2026-02-22 01:30:01 ===
Traceback (most recent call last):
  File "/var/www/html/FR/vps.py", line 6, in <module>
    from virtvs import virtapi
  File "/var/www/html/FR/virtvs.py", line 6, in <module>
    import phpserialize
ModuleNotFoundError: No module named 'phpserialize'
=== Run started at 2026-02-22 02:00:01 ===
Traceback (most recent call last):
  File "/var/www/html/FR/vps.py", line 6, in <module>
    from virtvs import virtapi
  File "/var/www/html/FR/virtvs.py", line 6, in <module>
    import phpserialize
ModuleNotFoundError: No module named 'phpserialize'
=== Run started at 2026-02-22 02:30:01 ===
Traceback (most recent call last):
  File "/var/www/html/FR/vps.py", line 6, in <module>
    from virtvs import virtapi
  File "/var/www/html/FR/virtvs.py", line 6, in <module>
    import phpserialize
ModuleNotFoundError: No module named 'phpserialize'
=== Run started at 2026-02-22 03:00:01 ===
Traceback (most recent call last):
  File "/var/www/html/FR/vps.py", line 6, in <module>
    from virtvs import virtapi
  File "/var/www/html/FR/virtvs.py", line 6, in <module>
    import phpserialize
ModuleNotFoundError: No module named 'phpserialize'
=== Run started at 2026-02-22 03:30:01 ===
Traceback (most recent call last):
  File "/var/www/html/FR/vps.py", line 6, in <module>
    from virtvs import virtapi
  File "/var/www/html/FR/virtvs.py", line 6, in <module>
    import phpserialize
ModuleNotFoundError: No module named 'phpserialize'
=== Run started at 2026-02-22 04:00:02 ===
Traceback (most recent call last):
  File "/var/www/html/FR/vps.py", line 6, in <module>
    from virtvs import virtapi
  File "/var/www/html/FR/virtvs.py", line 6, in <module>
    import phpserialize
ModuleNotFoundError: No module named 'phpserialize'
=== Run started at 2026-02-22 04:30:01 ===
Traceback (most recent call last):
  File "/var/www/html/FR/vps.py", line 6, in <module>
    from virtvs import virtapi
  File "/var/www/html/FR/virtvs.py", line 6, in <module>
    import phpserialize
ModuleNotFoundError: No module named 'phpserialize'
=== Run started at 2026-02-22 05:00:01 ===
Traceback (most recent call last):
  File "/var/www/html/FR/vps.py", line 6, in <module>
    from virtvs import virtapi
  File "/var/www/html/FR/virtvs.py", line 6, in <module>
    import phpserialize
ModuleNotFoundError: No module named 'phpserialize'
=== Run started at 2026-02-22 05:30:01 ===
Traceback (most recent call last):
  File "/var/www/html/FR/vps.py", line 6, in <module>
    from virtvs import virtapi
  File "/var/www/html/FR/virtvs.py", line 6, in <module>
    import phpserialize
ModuleNotFoundError: No module named 'phpserialize'
=== Run started at 2026-02-22 06:00:02 ===
Traceback (most recent call last):
  File "/var/www/html/FR/vps.py", line 6, in <module>
    from virtvs import virtapi
  File "/var/www/html/FR/virtvs.py", line 6, in <module>
    import phpserialize
ModuleNotFoundError: No module named 'phpserialize'
=== Run started at 2026-02-22 06:30:01 ===
Traceback (most recent call last):
  File "/var/www/html/FR/vps.py", line 6, in <module>
    from virtvs import virtapi
  File "/var/www/html/FR/virtvs.py", line 6, in <module>
    import phpserialize
ModuleNotFoundError: No module named 'phpserialize'
